2019-01-23 05:06:18 [info     ] Initializing DynamoDb
2019-01-23 05:06:18 [info     ] Connecting to remote DynamoDb
2019-01-23 05:06:18 [info     ] Initializing DynamoDb
2019-01-23 05:06:18 [info     ] Initializing DynamoDb
2019-01-23 05:06:18 [info     ] Connecting to remote DynamoDb
2019-01-23 05:06:18 [info     ] Connecting to remote DynamoDb
2019-01-23 05:06:18 [info     ] Initializing DynamoDb
2019-01-23 05:06:18 [info     ] Connecting to remote DynamoDb
2019-01-23 05:06:18 [info     ] Initializing database facade
2019-01-23 05:06:18 [info     ] Initializing Slack client interface
2019-01-23 05:06:18 [info     ] Initializing UserCommand instance
2019-01-23 05:06:18 [info     ] Initializing database facade
2019-01-23 05:06:18 [info     ] Initializing Slack client interface
2019-01-23 05:06:18 [info     ] Initializing UserCommand instance
2019-01-23 05:06:18 [info     ] Initializing database facade
2019-01-23 05:06:18 [info     ] Initializing Slack client interface
2019-01-23 05:06:18 [info     ] Initializing UserCommand instance
2019-01-23 05:06:18 [info     ] Initializing database facade
2019-01-23 05:06:18 [info     ] Initializing Slack client interface
2019-01-23 05:06:18 [info     ] Initializing UserCommand instance
2019-01-23 05:06:22 [error    ] Exception on /slack/commands [POST] exc_info=(<class 'TypeError'>, TypeError("_log() got an unexpected keyword argument 'user_id'"), <traceback object at 0x7f1898500f48>)
2019-01-23 05:06:56 [info     ] Initializing DynamoDb
2019-01-23 05:06:56 [info     ] Connecting to remote DynamoDb
2019-01-23 05:06:56 [info     ] Initializing DynamoDb
2019-01-23 05:06:56 [debug    ] Changing event name from creating-client-class.iot-data to creating-client-class.iot-data-plane
2019-01-23 05:06:56 [info     ] Connecting to remote DynamoDb
2019-01-23 05:06:56 [debug    ] Changing event name from before-call.apigateway to before-call.api-gateway
2019-01-23 05:06:56 [debug    ] Changing event name from creating-client-class.iot-data to creating-client-class.iot-data-plane
2019-01-23 05:06:56 [info     ] Initializing DynamoDb
2019-01-23 05:06:56 [debug    ] Changing event name from request-created.machinelearning.Predict to request-created.machine-learning.Predict
2019-01-23 05:06:56 [info     ] Connecting to remote DynamoDb
2019-01-23 05:06:56 [debug    ] Changing event name from before-call.apigateway to before-call.api-gateway
2019-01-23 05:06:56 [debug    ] Changing event name from creating-client-class.iot-data to creating-client-class.iot-data-plane
2019-01-23 05:06:56 [debug    ] Changing event name from before-parameter-build.autoscaling.CreateLaunchConfiguration to before-parameter-build.auto-scaling.CreateLaunchConfiguration
2019-01-23 05:06:56 [debug    ] Changing event name from request-created.machinelearning.Predict to request-created.machine-learning.Predict
2019-01-23 05:06:56 [debug    ] Changing event name from before-parameter-build.route53 to before-parameter-build.route-53
2019-01-23 05:06:56 [debug    ] Changing event name from before-call.apigateway to before-call.api-gateway
2019-01-23 05:06:56 [debug    ] Changing event name from before-parameter-build.autoscaling.CreateLaunchConfiguration to before-parameter-build.auto-scaling.CreateLaunchConfiguration
2019-01-23 05:06:56 [debug    ] Changing event name from request-created.cloudsearchdomain.Search to request-created.cloudsearch-domain.Search
2019-01-23 05:06:56 [debug    ] Changing event name from request-created.machinelearning.Predict to request-created.machine-learning.Predict
2019-01-23 05:06:56 [debug    ] Changing event name from before-parameter-build.route53 to before-parameter-build.route-53
2019-01-23 05:06:56 [debug    ] Changing event name from docs.*.autoscaling.CreateLaunchConfiguration.complete-section to docs.*.auto-scaling.CreateLaunchConfiguration.complete-section
2019-01-23 05:06:56 [debug    ] Changing event name from request-created.cloudsearchdomain.Search to request-created.cloudsearch-domain.Search
2019-01-23 05:06:56 [debug    ] Changing event name from before-parameter-build.autoscaling.CreateLaunchConfiguration to before-parameter-build.auto-scaling.CreateLaunchConfiguration
2019-01-23 05:06:56 [debug    ] Changing event name from before-parameter-build.logs.CreateExportTask to before-parameter-build.cloudwatch-logs.CreateExportTask
2019-01-23 05:06:56 [debug    ] Changing event name from docs.*.autoscaling.CreateLaunchConfiguration.complete-section to docs.*.auto-scaling.CreateLaunchConfiguration.complete-section
2019-01-23 05:06:56 [debug    ] Changing event name from before-parameter-build.route53 to before-parameter-build.route-53
2019-01-23 05:06:56 [debug    ] Changing event name from docs.*.logs.CreateExportTask.complete-section to docs.*.cloudwatch-logs.CreateExportTask.complete-section
2019-01-23 05:06:56 [debug    ] Changing event name from before-parameter-build.logs.CreateExportTask to before-parameter-build.cloudwatch-logs.CreateExportTask
2019-01-23 05:06:56 [debug    ] Changing event name from request-created.cloudsearchdomain.Search to request-created.cloudsearch-domain.Search
2019-01-23 05:06:56 [debug    ] Changing event name from before-parameter-build.cloudsearchdomain.Search to before-parameter-build.cloudsearch-domain.Search
2019-01-23 05:06:56 [debug    ] Changing event name from docs.*.logs.CreateExportTask.complete-section to docs.*.cloudwatch-logs.CreateExportTask.complete-section
2019-01-23 05:06:56 [debug    ] Changing event name from docs.*.autoscaling.CreateLaunchConfiguration.complete-section to docs.*.auto-scaling.CreateLaunchConfiguration.complete-section
2019-01-23 05:06:56 [debug    ] Changing event name from docs.*.cloudsearchdomain.Search.complete-section to docs.*.cloudsearch-domain.Search.complete-section
2019-01-23 05:06:56 [debug    ] Changing event name from before-parameter-build.cloudsearchdomain.Search to before-parameter-build.cloudsearch-domain.Search
2019-01-23 05:06:56 [debug    ] Changing event name from before-parameter-build.logs.CreateExportTask to before-parameter-build.cloudwatch-logs.CreateExportTask
2019-01-23 05:06:56 [debug    ] Changing event name from docs.*.cloudsearchdomain.Search.complete-section to docs.*.cloudsearch-domain.Search.complete-section
2019-01-23 05:06:56 [debug    ] Changing event name from docs.*.logs.CreateExportTask.complete-section to docs.*.cloudwatch-logs.CreateExportTask.complete-section
2019-01-23 05:06:56 [debug    ] Changing event name from before-parameter-build.cloudsearchdomain.Search to before-parameter-build.cloudsearch-domain.Search
2019-01-23 05:06:56 [info     ] Initializing DynamoDb
2019-01-23 05:06:56 [debug    ] Changing event name from docs.*.cloudsearchdomain.Search.complete-section to docs.*.cloudsearch-domain.Search.complete-section
2019-01-23 05:06:56 [info     ] Connecting to remote DynamoDb
2019-01-23 05:06:56 [debug    ] Changing event name from creating-client-class.iot-data to creating-client-class.iot-data-plane
2019-01-23 05:06:56 [debug    ] Changing event name from before-call.apigateway to before-call.api-gateway
2019-01-23 05:06:56 [debug    ] Changing event name from request-created.machinelearning.Predict to request-created.machine-learning.Predict
2019-01-23 05:06:56 [debug    ] Changing event name from before-parameter-build.autoscaling.CreateLaunchConfiguration to before-parameter-build.auto-scaling.CreateLaunchConfiguration
2019-01-23 05:06:56 [debug    ] Loading JSON file: /home/omar2535/.local/share/virtualenvs/rocket2-DTRzRQbX/lib/python3.7/site-packages/boto3/data/dynamodb/2012-08-10/resources-1.json
2019-01-23 05:06:56 [debug    ] Changing event name from before-parameter-build.route53 to before-parameter-build.route-53
2019-01-23 05:06:56 [debug    ] Loading JSON file: /home/omar2535/.local/share/virtualenvs/rocket2-DTRzRQbX/lib/python3.7/site-packages/boto3/data/dynamodb/2012-08-10/resources-1.json
2019-01-23 05:06:56 [debug    ] Changing event name from request-created.cloudsearchdomain.Search to request-created.cloudsearch-domain.Search
2019-01-23 05:06:56 [debug    ] Loading JSON file: /home/omar2535/.local/share/virtualenvs/rocket2-DTRzRQbX/lib/python3.7/site-packages/botocore/data/endpoints.json
2019-01-23 05:06:56 [debug    ] Loading JSON file: /home/omar2535/.local/share/virtualenvs/rocket2-DTRzRQbX/lib/python3.7/site-packages/botocore/data/endpoints.json
2019-01-23 05:06:56 [debug    ] Changing event name from docs.*.autoscaling.CreateLaunchConfiguration.complete-section to docs.*.auto-scaling.CreateLaunchConfiguration.complete-section
2019-01-23 05:06:56 [debug    ] Loading JSON file: /home/omar2535/.local/share/virtualenvs/rocket2-DTRzRQbX/lib/python3.7/site-packages/boto3/data/dynamodb/2012-08-10/resources-1.json
2019-01-23 05:06:56 [debug    ] Changing event name from before-parameter-build.logs.CreateExportTask to before-parameter-build.cloudwatch-logs.CreateExportTask
2019-01-23 05:06:56 [debug    ] Loading JSON file: /home/omar2535/.local/share/virtualenvs/rocket2-DTRzRQbX/lib/python3.7/site-packages/botocore/data/endpoints.json
2019-01-23 05:06:56 [debug    ] Event choose-service-name: calling handler <function handle_service_name_alias at 0x7f7fd8333d90>
2019-01-23 05:06:56 [debug    ] Changing event name from docs.*.logs.CreateExportTask.complete-section to docs.*.cloudwatch-logs.CreateExportTask.complete-section
2019-01-23 05:06:56 [debug    ] Event choose-service-name: calling handler <function handle_service_name_alias at 0x7f7fd8333d90>
2019-01-23 05:06:56 [debug    ] Event choose-service-name: calling handler <function handle_service_name_alias at 0x7f7fd8333d90>
2019-01-23 05:06:56 [debug    ] Changing event name from before-parameter-build.cloudsearchdomain.Search to before-parameter-build.cloudsearch-domain.Search
2019-01-23 05:06:56 [debug    ] Changing event name from docs.*.cloudsearchdomain.Search.complete-section to docs.*.cloudsearch-domain.Search.complete-section
2019-01-23 05:06:56 [debug    ] Loading JSON file: /home/omar2535/.local/share/virtualenvs/rocket2-DTRzRQbX/lib/python3.7/site-packages/botocore/data/dynamodb/2012-08-10/service-2.json
2019-01-23 05:06:56 [debug    ] Event creating-client-class.dynamodb: calling handler <function add_generate_presigned_url at 0x7f7fd824ec80>
2019-01-23 05:06:56 [debug    ] Loading JSON file: /home/omar2535/.local/share/virtualenvs/rocket2-DTRzRQbX/lib/python3.7/site-packages/botocore/data/dynamodb/2012-08-10/service-2.json
2019-01-23 05:06:56 [debug    ] Loading JSON file: /home/omar2535/.local/share/virtualenvs/rocket2-DTRzRQbX/lib/python3.7/site-packages/botocore/data/dynamodb/2012-08-10/service-2.json
2019-01-23 05:06:56 [debug    ] The s3 config key is not a dictionary type, ignoring its value of: None
2019-01-23 05:06:56 [debug    ] Event creating-client-class.dynamodb: calling handler <function add_generate_presigned_url at 0x7f7fd824ec80>
2019-01-23 05:06:56 [debug    ] Setting dynamodb timeout as (60, 60)
2019-01-23 05:06:56 [debug    ] The s3 config key is not a dictionary type, ignoring its value of: None
2019-01-23 05:06:56 [debug    ] Event creating-client-class.dynamodb: calling handler <function add_generate_presigned_url at 0x7f7fd824fc80>
2019-01-23 05:06:56 [debug    ] Loading JSON file: /home/omar2535/.local/share/virtualenvs/rocket2-DTRzRQbX/lib/python3.7/site-packages/botocore/data/_retry.json
2019-01-23 05:06:56 [debug    ] The s3 config key is not a dictionary type, ignoring its value of: None
2019-01-23 05:06:56 [debug    ] Loading JSON file: /home/omar2535/.local/share/virtualenvs/rocket2-DTRzRQbX/lib/python3.7/site-packages/boto3/data/dynamodb/2012-08-10/resources-1.json
2019-01-23 05:06:56 [debug    ] Registering retry handlers for service: dynamodb
2019-01-23 05:06:56 [debug    ] Setting dynamodb timeout as (60, 60)
2019-01-23 05:06:56 [debug    ] Loading JSON file: /home/omar2535/.local/share/virtualenvs/rocket2-DTRzRQbX/lib/python3.7/site-packages/botocore/data/endpoints.json
2019-01-23 05:06:56 [debug    ] Loading dynamodb:dynamodb
2019-01-23 05:06:56 [debug    ] Loading JSON file: /home/omar2535/.local/share/virtualenvs/rocket2-DTRzRQbX/lib/python3.7/site-packages/botocore/data/_retry.json
2019-01-23 05:06:56 [debug    ] Setting dynamodb timeout as (60, 60)
2019-01-23 05:06:56 [debug    ] Event creating-resource-class.dynamodb.ServiceResource: calling handler <function lazy_call.<locals>._handler at 0x7f7fd6b33bf8>
2019-01-23 05:06:56 [debug    ] Registering retry handlers for service: dynamodb
2019-01-23 05:06:56 [debug    ] Loading JSON file: /home/omar2535/.local/share/virtualenvs/rocket2-DTRzRQbX/lib/python3.7/site-packages/botocore/data/_retry.json
2019-01-23 05:06:56 [debug    ] Loading dynamodb:dynamodb
2019-01-23 05:06:56 [debug    ] Event choose-service-name: calling handler <function handle_service_name_alias at 0x7f7fd8334d90>
2019-01-23 05:06:56 [debug    ] Registering retry handlers for service: dynamodb
2019-01-23 05:06:56 [debug    ] Event creating-resource-class.dynamodb.ServiceResource: calling handler <function lazy_call.<locals>._handler at 0x7f7fd6b33bf8>
2019-01-23 05:06:56 [debug    ] Loading dynamodb:dynamodb
2019-01-23 05:06:56 [debug    ] Event creating-resource-class.dynamodb.ServiceResource: calling handler <function lazy_call.<locals>._handler at 0x7f7fd6b33bf8>
2019-01-23 05:06:56 [debug    ] Loading JSON file: /home/omar2535/.local/share/virtualenvs/rocket2-DTRzRQbX/lib/python3.7/site-packages/botocore/data/dynamodb/2012-08-10/paginators-1.json
2019-01-23 05:06:56 [debug    ] Loading JSON file: /home/omar2535/.local/share/virtualenvs/rocket2-DTRzRQbX/lib/python3.7/site-packages/botocore/data/dynamodb/2012-08-10/paginators-1.json
2019-01-23 05:06:56 [debug    ] Calling paginated dynamodb:list_tables with {}
2019-01-23 05:06:56 [debug    ] Calling paginated dynamodb:list_tables with {}
2019-01-23 05:06:56 [debug    ] Event provide-client-params.dynamodb.ListTables: calling handler <function copy_dynamodb_params at 0x7f7fd69201e0>
2019-01-23 05:06:56 [debug    ] Event provide-client-params.dynamodb.ListTables: calling handler <function copy_dynamodb_params at 0x7f7fd69201e0>
2019-01-23 05:06:56 [debug    ] Event before-parameter-build.dynamodb.ListTables: calling handler <bound method TransformationInjector.inject_condition_expressions of <boto3.dynamodb.transform.TransformationInjector object at 0x7f7fd691f160>>
2019-01-23 05:06:56 [debug    ] Event before-parameter-build.dynamodb.ListTables: calling handler <bound method TransformationInjector.inject_condition_expressions of <boto3.dynamodb.transform.TransformationInjector object at 0x7f7fd691e1d0>>
2019-01-23 05:06:56 [debug    ] Event before-parameter-build.dynamodb.ListTables: calling handler <bound method TransformationInjector.inject_attribute_value_input of <boto3.dynamodb.transform.TransformationInjector object at 0x7f7fd691f160>>
2019-01-23 05:06:56 [debug    ] Loading JSON file: /home/omar2535/.local/share/virtualenvs/rocket2-DTRzRQbX/lib/python3.7/site-packages/botocore/data/dynamodb/2012-08-10/service-2.json
2019-01-23 05:06:56 [debug    ] Event before-parameter-build.dynamodb.ListTables: calling handler <bound method TransformationInjector.inject_attribute_value_input of <boto3.dynamodb.transform.TransformationInjector object at 0x7f7fd691e1d0>>
2019-01-23 05:06:56 [debug    ] Event before-parameter-build.dynamodb.ListTables: calling handler <function generate_idempotent_uuid at 0x7f7fd8230400>
2019-01-23 05:06:56 [debug    ] Event before-parameter-build.dynamodb.ListTables: calling handler <function generate_idempotent_uuid at 0x7f7fd8230400>
2019-01-23 05:06:56 [debug    ] Event before-parameter-build.dynamodb.ListTables: calling handler <function block_endpoint_discovery_required_operations at 0x7f7fd82a6620>
2019-01-23 05:06:56 [debug    ] Event before-parameter-build.dynamodb.ListTables: calling handler <function block_endpoint_discovery_required_operations at 0x7f7fd82a6620>
2019-01-23 05:06:56 [debug    ] Event before-call.dynamodb.ListTables: calling handler <function inject_api_version_header_if_needed at 0x7f7fd82331e0>
2019-01-23 05:06:57 [debug    ] Event before-call.dynamodb.ListTables: calling handler <function inject_api_version_header_if_needed at 0x7f7fd82331e0>
2019-01-23 05:06:57 [debug    ] Making request for OperationModel(name=ListTables) with params: {'url_path': '/', 'query_string': '', 'method': 'POST', 'headers': {'X-Amz-Target': 'DynamoDB_20120810.ListTables', 'Content-Type': 'application/x-amz-json-1.0', 'User-Agent': 'Boto3/1.9.83 Python/3.7.0 Linux/4.4.0-17134-Microsoft Botocore/1.12.83 Resource'}, 'body': b'{}', 'url': 'https://dynamodb.us-west-2.amazonaws.com/', 'context': {'client_region': 'us-west-2', 'client_config': <botocore.config.Config object at 0x7f7fd69600f0>, 'has_streaming_input': False, 'auth_type': None}}
2019-01-23 05:06:57 [debug    ] Loading JSON file: /home/omar2535/.local/share/virtualenvs/rocket2-DTRzRQbX/lib/python3.7/site-packages/botocore/data/dynamodb/2012-08-10/paginators-1.json
2019-01-23 05:06:57 [debug    ] Making request for OperationModel(name=ListTables) with params: {'url_path': '/', 'query_string': '', 'method': 'POST', 'headers': {'X-Amz-Target': 'DynamoDB_20120810.ListTables', 'Content-Type': 'application/x-amz-json-1.0', 'User-Agent': 'Boto3/1.9.83 Python/3.7.0 Linux/4.4.0-17134-Microsoft Botocore/1.12.83 Resource'}, 'body': b'{}', 'url': 'https://dynamodb.us-west-2.amazonaws.com/', 'context': {'client_region': 'us-west-2', 'client_config': <botocore.config.Config object at 0x7f7fd6960160>, 'has_streaming_input': False, 'auth_type': None}}
2019-01-23 05:06:57 [debug    ] Event request-created.dynamodb.ListTables: calling handler <bound method RequestSigner.handler of <botocore.signers.RequestSigner object at 0x7f7fd69600b8>>
2019-01-23 05:06:57 [debug    ] Event creating-client-class.dynamodb: calling handler <function add_generate_presigned_url at 0x7f7fd824fc80>
2019-01-23 05:06:57 [debug    ] Event request-created.dynamodb.ListTables: calling handler <bound method RequestSigner.handler of <botocore.signers.RequestSigner object at 0x7f7fd6960128>>
2019-01-23 05:06:57 [debug    ] Event choose-signer.dynamodb.ListTables: calling handler <function set_operation_specific_signer at 0x7f7fd82302f0>
2019-01-23 05:06:57 [debug    ] Calling paginated dynamodb:list_tables with {}
2019-01-23 05:06:57 [debug    ] The s3 config key is not a dictionary type, ignoring its value of: None
2019-01-23 05:06:57 [debug    ] Event choose-signer.dynamodb.ListTables: calling handler <function set_operation_specific_signer at 0x7f7fd82302f0>
2019-01-23 05:06:57 [debug    ] Calculating signature using v4 auth.
2019-01-23 05:06:57 [debug    ] Event provide-client-params.dynamodb.ListTables: calling handler <function copy_dynamodb_params at 0x7f7fd69211e0>
2019-01-23 05:06:57 [debug    ] Calculating signature using v4 auth.
2019-01-23 05:06:57 [debug    ] Event before-parameter-build.dynamodb.ListTables: calling handler <bound method TransformationInjector.inject_condition_expressions of <boto3.dynamodb.transform.TransformationInjector object at 0x7f7fd691d240>>
2019-01-23 05:06:57 [debug    ] CanonicalRequest:
POST
/

content-type:application/x-amz-json-1.0
host:dynamodb.us-west-2.amazonaws.com
x-amz-date:20190123T050657Z
x-amz-target:DynamoDB_20120810.ListTables

content-type;host;x-amz-date;x-amz-target
44136fa355b3678a1146ad16f7e8649e94fb4fc21fe77e8310c060f61caaff8a
2019-01-23 05:06:57 [debug    ] Event before-parameter-build.dynamodb.ListTables: calling handler <bound method TransformationInjector.inject_attribute_value_input of <boto3.dynamodb.transform.TransformationInjector object at 0x7f7fd691d240>>
2019-01-23 05:06:57 [debug    ] CanonicalRequest:
POST
/

content-type:application/x-amz-json-1.0
host:dynamodb.us-west-2.amazonaws.com
x-amz-date:20190123T050657Z
x-amz-target:DynamoDB_20120810.ListTables

content-type;host;x-amz-date;x-amz-target
44136fa355b3678a1146ad16f7e8649e94fb4fc21fe77e8310c060f61caaff8a
2019-01-23 05:06:57 [debug    ] StringToSign:
AWS4-HMAC-SHA256
20190123T050657Z
20190123/us-west-2/dynamodb/aws4_request
bcbd0b0df97270ce6946c6bde4d93bedf3d1436c1efeaa3a7e6d851d7484ca1b
2019-01-23 05:06:57 [debug    ] Setting dynamodb timeout as (60, 60)
2019-01-23 05:06:57 [debug    ] Event before-parameter-build.dynamodb.ListTables: calling handler <function generate_idempotent_uuid at 0x7f7fd8230400>
2019-01-23 05:06:57 [debug    ] Event before-parameter-build.dynamodb.ListTables: calling handler <function block_endpoint_discovery_required_operations at 0x7f7fd82a8620>
2019-01-23 05:06:57 [debug    ] StringToSign:
AWS4-HMAC-SHA256
20190123T050657Z
20190123/us-west-2/dynamodb/aws4_request
bcbd0b0df97270ce6946c6bde4d93bedf3d1436c1efeaa3a7e6d851d7484ca1b
2019-01-23 05:06:57 [debug    ] Signature:
25d5cf25701f11f1e5ecbe53058a9b76c90ad90d83d4e4058ba9b978e8d4eb1a
2019-01-23 05:06:57 [debug    ] Loading JSON file: /home/omar2535/.local/share/virtualenvs/rocket2-DTRzRQbX/lib/python3.7/site-packages/botocore/data/_retry.json
2019-01-23 05:06:57 [debug    ] Event before-call.dynamodb.ListTables: calling handler <function inject_api_version_header_if_needed at 0x7f7fd82331e0>
2019-01-23 05:06:57 [debug    ] Signature:
25d5cf25701f11f1e5ecbe53058a9b76c90ad90d83d4e4058ba9b978e8d4eb1a
2019-01-23 05:06:57 [debug    ] Making request for OperationModel(name=ListTables) with params: {'url_path': '/', 'query_string': '', 'method': 'POST', 'headers': {'X-Amz-Target': 'DynamoDB_20120810.ListTables', 'Content-Type': 'application/x-amz-json-1.0', 'User-Agent': 'Boto3/1.9.83 Python/3.7.0 Linux/4.4.0-17134-Microsoft Botocore/1.12.83 Resource'}, 'body': b'{}', 'url': 'https://dynamodb.us-west-2.amazonaws.com/', 'context': {'client_region': 'us-west-2', 'client_config': <botocore.config.Config object at 0x7f7fd695e1d0>, 'has_streaming_input': False, 'auth_type': None}}
2019-01-23 05:06:57 [debug    ] Sending http request: <AWSPreparedRequest stream_output=False, method=POST, url=https://dynamodb.us-west-2.amazonaws.com/, headers={'X-Amz-Target': b'DynamoDB_20120810.ListTables', 'Content-Type': b'application/x-amz-json-1.0', 'User-Agent': b'Boto3/1.9.83 Python/3.7.0 Linux/4.4.0-17134-Microsoft Botocore/1.12.83 Resource', 'X-Amz-Date': b'20190123T050657Z', 'Authorization': b'AWS4-HMAC-SHA256 Credential=AKIAJVA6OILFPQNSC3YQ/20190123/us-west-2/dynamodb/aws4_request, SignedHeaders=content-type;host;x-amz-date;x-amz-target, Signature=25d5cf25701f11f1e5ecbe53058a9b76c90ad90d83d4e4058ba9b978e8d4eb1a', 'Content-Length': '2'}>
2019-01-23 05:06:57 [debug    ] Registering retry handlers for service: dynamodb
2019-01-23 05:06:57 [debug    ] Sending http request: <AWSPreparedRequest stream_output=False, method=POST, url=https://dynamodb.us-west-2.amazonaws.com/, headers={'X-Amz-Target': b'DynamoDB_20120810.ListTables', 'Content-Type': b'application/x-amz-json-1.0', 'User-Agent': b'Boto3/1.9.83 Python/3.7.0 Linux/4.4.0-17134-Microsoft Botocore/1.12.83 Resource', 'X-Amz-Date': b'20190123T050657Z', 'Authorization': b'AWS4-HMAC-SHA256 Credential=AKIAJVA6OILFPQNSC3YQ/20190123/us-west-2/dynamodb/aws4_request, SignedHeaders=content-type;host;x-amz-date;x-amz-target, Signature=25d5cf25701f11f1e5ecbe53058a9b76c90ad90d83d4e4058ba9b978e8d4eb1a', 'Content-Length': '2'}>
2019-01-23 05:06:57 [debug    ] Event request-created.dynamodb.ListTables: calling handler <bound method RequestSigner.handler of <botocore.signers.RequestSigner object at 0x7f7fd695e198>>
2019-01-23 05:06:57 [debug    ] Converted retries value: False -> Retry(total=False, connect=None, read=None, redirect=0, status=None)
2019-01-23 05:06:57 [debug    ] Event choose-signer.dynamodb.ListTables: calling handler <function set_operation_specific_signer at 0x7f7fd82302f0>
2019-01-23 05:06:57 [debug    ] Loading dynamodb:dynamodb
2019-01-23 05:06:57 [debug    ] Converted retries value: False -> Retry(total=False, connect=None, read=None, redirect=0, status=None)
2019-01-23 05:06:57 [debug    ] Starting new HTTPS connection (1): dynamodb.us-west-2.amazonaws.com:443
2019-01-23 05:06:57 [debug    ] Starting new HTTPS connection (1): dynamodb.us-west-2.amazonaws.com:443
2019-01-23 05:06:57 [debug    ] Event creating-resource-class.dynamodb.ServiceResource: calling handler <function lazy_call.<locals>._handler at 0x7f7fd6b33bf8>
2019-01-23 05:06:57 [debug    ] Calculating signature using v4 auth.
2019-01-23 05:06:57 [debug    ] CanonicalRequest:
POST
/

content-type:application/x-amz-json-1.0
host:dynamodb.us-west-2.amazonaws.com
x-amz-date:20190123T050657Z
x-amz-target:DynamoDB_20120810.ListTables

content-type;host;x-amz-date;x-amz-target
44136fa355b3678a1146ad16f7e8649e94fb4fc21fe77e8310c060f61caaff8a
2019-01-23 05:06:57 [debug    ] StringToSign:
AWS4-HMAC-SHA256
20190123T050657Z
20190123/us-west-2/dynamodb/aws4_request
bcbd0b0df97270ce6946c6bde4d93bedf3d1436c1efeaa3a7e6d851d7484ca1b
2019-01-23 05:06:57 [debug    ] Signature:
25d5cf25701f11f1e5ecbe53058a9b76c90ad90d83d4e4058ba9b978e8d4eb1a
2019-01-23 05:06:57 [debug    ] Sending http request: <AWSPreparedRequest stream_output=False, method=POST, url=https://dynamodb.us-west-2.amazonaws.com/, headers={'X-Amz-Target': b'DynamoDB_20120810.ListTables', 'Content-Type': b'application/x-amz-json-1.0', 'User-Agent': b'Boto3/1.9.83 Python/3.7.0 Linux/4.4.0-17134-Microsoft Botocore/1.12.83 Resource', 'X-Amz-Date': b'20190123T050657Z', 'Authorization': b'AWS4-HMAC-SHA256 Credential=AKIAJVA6OILFPQNSC3YQ/20190123/us-west-2/dynamodb/aws4_request, SignedHeaders=content-type;host;x-amz-date;x-amz-target, Signature=25d5cf25701f11f1e5ecbe53058a9b76c90ad90d83d4e4058ba9b978e8d4eb1a', 'Content-Length': '2'}>
2019-01-23 05:06:57 [debug    ] Converted retries value: False -> Retry(total=False, connect=None, read=None, redirect=0, status=None)
2019-01-23 05:06:57 [debug    ] Starting new HTTPS connection (1): dynamodb.us-west-2.amazonaws.com:443
2019-01-23 05:06:57 [debug    ] Loading JSON file: /home/omar2535/.local/share/virtualenvs/rocket2-DTRzRQbX/lib/python3.7/site-packages/botocore/data/dynamodb/2012-08-10/paginators-1.json
2019-01-23 05:06:57 [debug    ] Calling paginated dynamodb:list_tables with {}
2019-01-23 05:06:57 [debug    ] Event provide-client-params.dynamodb.ListTables: calling handler <function copy_dynamodb_params at 0x7f7fd69211e0>
2019-01-23 05:06:57 [debug    ] Event before-parameter-build.dynamodb.ListTables: calling handler <bound method TransformationInjector.inject_condition_expressions of <boto3.dynamodb.transform.TransformationInjector object at 0x7f7fd691d2b0>>
2019-01-23 05:06:57 [debug    ] Event before-parameter-build.dynamodb.ListTables: calling handler <bound method TransformationInjector.inject_attribute_value_input of <boto3.dynamodb.transform.TransformationInjector object at 0x7f7fd691d2b0>>
2019-01-23 05:06:57 [debug    ] Event before-parameter-build.dynamodb.ListTables: calling handler <function generate_idempotent_uuid at 0x7f7fd8230400>
2019-01-23 05:06:57 [debug    ] Event before-parameter-build.dynamodb.ListTables: calling handler <function block_endpoint_discovery_required_operations at 0x7f7fd82a8620>
2019-01-23 05:06:57 [debug    ] Event before-call.dynamodb.ListTables: calling handler <function inject_api_version_header_if_needed at 0x7f7fd82331e0>
2019-01-23 05:06:57 [debug    ] Making request for OperationModel(name=ListTables) with params: {'url_path': '/', 'query_string': '', 'method': 'POST', 'headers': {'X-Amz-Target': 'DynamoDB_20120810.ListTables', 'Content-Type': 'application/x-amz-json-1.0', 'User-Agent': 'Boto3/1.9.83 Python/3.7.0 Linux/4.4.0-17134-Microsoft Botocore/1.12.83 Resource'}, 'body': b'{}', 'url': 'https://dynamodb.us-west-2.amazonaws.com/', 'context': {'client_region': 'us-west-2', 'client_config': <botocore.config.Config object at 0x7f7fd695e240>, 'has_streaming_input': False, 'auth_type': None}}
2019-01-23 05:06:57 [debug    ] Event request-created.dynamodb.ListTables: calling handler <bound method RequestSigner.handler of <botocore.signers.RequestSigner object at 0x7f7fd695e208>>
2019-01-23 05:06:57 [debug    ] Event choose-signer.dynamodb.ListTables: calling handler <function set_operation_specific_signer at 0x7f7fd82302f0>
2019-01-23 05:06:57 [debug    ] Calculating signature using v4 auth.
2019-01-23 05:06:57 [debug    ] CanonicalRequest:
POST
/

content-type:application/x-amz-json-1.0
host:dynamodb.us-west-2.amazonaws.com
x-amz-date:20190123T050657Z
x-amz-target:DynamoDB_20120810.ListTables

content-type;host;x-amz-date;x-amz-target
44136fa355b3678a1146ad16f7e8649e94fb4fc21fe77e8310c060f61caaff8a
2019-01-23 05:06:57 [debug    ] StringToSign:
AWS4-HMAC-SHA256
20190123T050657Z
20190123/us-west-2/dynamodb/aws4_request
bcbd0b0df97270ce6946c6bde4d93bedf3d1436c1efeaa3a7e6d851d7484ca1b
2019-01-23 05:06:57 [debug    ] Signature:
25d5cf25701f11f1e5ecbe53058a9b76c90ad90d83d4e4058ba9b978e8d4eb1a
2019-01-23 05:06:57 [debug    ] Sending http request: <AWSPreparedRequest stream_output=False, method=POST, url=https://dynamodb.us-west-2.amazonaws.com/, headers={'X-Amz-Target': b'DynamoDB_20120810.ListTables', 'Content-Type': b'application/x-amz-json-1.0', 'User-Agent': b'Boto3/1.9.83 Python/3.7.0 Linux/4.4.0-17134-Microsoft Botocore/1.12.83 Resource', 'X-Amz-Date': b'20190123T050657Z', 'Authorization': b'AWS4-HMAC-SHA256 Credential=AKIAJVA6OILFPQNSC3YQ/20190123/us-west-2/dynamodb/aws4_request, SignedHeaders=content-type;host;x-amz-date;x-amz-target, Signature=25d5cf25701f11f1e5ecbe53058a9b76c90ad90d83d4e4058ba9b978e8d4eb1a', 'Content-Length': '2'}>
2019-01-23 05:06:57 [debug    ] Converted retries value: False -> Retry(total=False, connect=None, read=None, redirect=0, status=None)
2019-01-23 05:06:57 [debug    ] Starting new HTTPS connection (1): dynamodb.us-west-2.amazonaws.com:443
2019-01-23 05:06:57 [debug    ] https://dynamodb.us-west-2.amazonaws.com:443 "POST / HTTP/1.1" 200 32
2019-01-23 05:06:57 [debug    ] Response headers: {'Server': 'Server', 'Date': 'Wed, 23 Jan 2019 05:06:57 GMT', 'Content-Type': 'application/x-amz-json-1.0', 'Content-Length': '32', 'Connection': 'keep-alive', 'x-amzn-RequestId': '0TGRH5JPA2P8J0JJ7F5J18OEUNVV4KQNSO5AEMVJF66Q9ASUAAJG', 'x-amz-crc32': '4256150741'}
2019-01-23 05:06:57 [debug    ] https://dynamodb.us-west-2.amazonaws.com:443 "POST / HTTP/1.1" 200 32
2019-01-23 05:06:57 [debug    ] Response body:
b'{"TableNames":["teams","users"]}'
2019-01-23 05:06:57 [debug    ] Response headers: {'Server': 'Server', 'Date': 'Wed, 23 Jan 2019 05:06:57 GMT', 'Content-Type': 'application/x-amz-json-1.0', 'Content-Length': '32', 'Connection': 'keep-alive', 'x-amzn-RequestId': '6I5B6FUNT9GSLEK3QVVQMK7EJ3VV4KQNSO5AEMVJF66Q9ASUAAJG', 'x-amz-crc32': '4256150741'}
2019-01-23 05:06:57 [debug    ] Event needs-retry.dynamodb.ListTables: calling handler <botocore.retryhandler.RetryHandler object at 0x7f7fd6960470>
2019-01-23 05:06:57 [debug    ] Response body:
b'{"TableNames":["teams","users"]}'
2019-01-23 05:06:57 [debug    ] No retry needed.
2019-01-23 05:06:57 [debug    ] Event needs-retry.dynamodb.ListTables: calling handler <botocore.retryhandler.RetryHandler object at 0x7f7fd6960400>
2019-01-23 05:06:57 [debug    ] Event after-call.dynamodb.ListTables: calling handler <bound method TransformationInjector.inject_attribute_value_output of <boto3.dynamodb.transform.TransformationInjector object at 0x7f7fd691e1d0>>
2019-01-23 05:06:57 [debug    ] No retry needed.
2019-01-23 05:06:57 [debug    ] Loading dynamodb:Table
2019-01-23 05:06:57 [debug    ] Event after-call.dynamodb.ListTables: calling handler <bound method TransformationInjector.inject_attribute_value_output of <boto3.dynamodb.transform.TransformationInjector object at 0x7f7fd691f160>>
2019-01-23 05:06:57 [debug    ] Loading dynamodb:Table
2019-01-23 05:06:57 [debug    ] Event creating-resource-class.dynamodb.Table: calling handler <function lazy_call.<locals>._handler at 0x7f7fd6b33c80>
2019-01-23 05:06:57 [debug    ] Event creating-resource-class.dynamodb.Table: calling handler <function lazy_call.<locals>._handler at 0x7f7fd6b33c80>
2019-01-23 05:06:57 [debug    ] Event creating-resource-class.dynamodb.Table: calling handler <function lazy_call.<locals>._handler at 0x7f7fd6b33bf8>
2019-01-23 05:06:57 [debug    ] Event creating-resource-class.dynamodb.Table: calling handler <function lazy_call.<locals>._handler at 0x7f7fd6b33bf8>
2019-01-23 05:06:57 [debug    ] Calling paginated dynamodb:list_tables with {}
2019-01-23 05:06:57 [debug    ] Event provide-client-params.dynamodb.ListTables: calling handler <function copy_dynamodb_params at 0x7f7fd69201e0>
2019-01-23 05:06:57 [debug    ] Calling paginated dynamodb:list_tables with {}
2019-01-23 05:06:57 [debug    ] Event before-parameter-build.dynamodb.ListTables: calling handler <bound method TransformationInjector.inject_condition_expressions of <boto3.dynamodb.transform.TransformationInjector object at 0x7f7fd691e1d0>>
2019-01-23 05:06:57 [debug    ] Event provide-client-params.dynamodb.ListTables: calling handler <function copy_dynamodb_params at 0x7f7fd69201e0>
2019-01-23 05:06:57 [debug    ] Event before-parameter-build.dynamodb.ListTables: calling handler <bound method TransformationInjector.inject_attribute_value_input of <boto3.dynamodb.transform.TransformationInjector object at 0x7f7fd691e1d0>>
2019-01-23 05:06:57 [debug    ] Event before-parameter-build.dynamodb.ListTables: calling handler <function generate_idempotent_uuid at 0x7f7fd8230400>
2019-01-23 05:06:57 [debug    ] Event before-parameter-build.dynamodb.ListTables: calling handler <bound method TransformationInjector.inject_condition_expressions of <boto3.dynamodb.transform.TransformationInjector object at 0x7f7fd691f160>>
2019-01-23 05:06:57 [debug    ] Event before-parameter-build.dynamodb.ListTables: calling handler <function block_endpoint_discovery_required_operations at 0x7f7fd82a6620>
2019-01-23 05:06:57 [debug    ] Event before-parameter-build.dynamodb.ListTables: calling handler <bound method TransformationInjector.inject_attribute_value_input of <boto3.dynamodb.transform.TransformationInjector object at 0x7f7fd691f160>>
2019-01-23 05:06:57 [debug    ] Event before-call.dynamodb.ListTables: calling handler <function inject_api_version_header_if_needed at 0x7f7fd82331e0>
2019-01-23 05:06:57 [debug    ] Event before-parameter-build.dynamodb.ListTables: calling handler <function generate_idempotent_uuid at 0x7f7fd8230400>
2019-01-23 05:06:57 [debug    ] Making request for OperationModel(name=ListTables) with params: {'url_path': '/', 'query_string': '', 'method': 'POST', 'headers': {'X-Amz-Target': 'DynamoDB_20120810.ListTables', 'Content-Type': 'application/x-amz-json-1.0', 'User-Agent': 'Boto3/1.9.83 Python/3.7.0 Linux/4.4.0-17134-Microsoft Botocore/1.12.83 Resource'}, 'body': b'{}', 'url': 'https://dynamodb.us-west-2.amazonaws.com/', 'context': {'client_region': 'us-west-2', 'client_config': <botocore.config.Config object at 0x7f7fd6960160>, 'has_streaming_input': False, 'auth_type': None}}
2019-01-23 05:06:57 [debug    ] Event before-parameter-build.dynamodb.ListTables: calling handler <function block_endpoint_discovery_required_operations at 0x7f7fd82a6620>
2019-01-23 05:06:57 [debug    ] Event request-created.dynamodb.ListTables: calling handler <bound method RequestSigner.handler of <botocore.signers.RequestSigner object at 0x7f7fd6960128>>
2019-01-23 05:06:57 [debug    ] Event before-call.dynamodb.ListTables: calling handler <function inject_api_version_header_if_needed at 0x7f7fd82331e0>
2019-01-23 05:06:57 [debug    ] Event choose-signer.dynamodb.ListTables: calling handler <function set_operation_specific_signer at 0x7f7fd82302f0>
2019-01-23 05:06:57 [debug    ] Making request for OperationModel(name=ListTables) with params: {'url_path': '/', 'query_string': '', 'method': 'POST', 'headers': {'X-Amz-Target': 'DynamoDB_20120810.ListTables', 'Content-Type': 'application/x-amz-json-1.0', 'User-Agent': 'Boto3/1.9.83 Python/3.7.0 Linux/4.4.0-17134-Microsoft Botocore/1.12.83 Resource'}, 'body': b'{}', 'url': 'https://dynamodb.us-west-2.amazonaws.com/', 'context': {'client_region': 'us-west-2', 'client_config': <botocore.config.Config object at 0x7f7fd69600f0>, 'has_streaming_input': False, 'auth_type': None}}
2019-01-23 05:06:57 [debug    ] Calculating signature using v4 auth.
2019-01-23 05:06:57 [debug    ] Event request-created.dynamodb.ListTables: calling handler <bound method RequestSigner.handler of <botocore.signers.RequestSigner object at 0x7f7fd69600b8>>
2019-01-23 05:06:57 [debug    ] Event choose-signer.dynamodb.ListTables: calling handler <function set_operation_specific_signer at 0x7f7fd82302f0>
2019-01-23 05:06:57 [debug    ] CanonicalRequest:
POST
/

content-type:application/x-amz-json-1.0
host:dynamodb.us-west-2.amazonaws.com
x-amz-date:20190123T050657Z
x-amz-target:DynamoDB_20120810.ListTables

content-type;host;x-amz-date;x-amz-target
44136fa355b3678a1146ad16f7e8649e94fb4fc21fe77e8310c060f61caaff8a
2019-01-23 05:06:57 [debug    ] Calculating signature using v4 auth.
2019-01-23 05:06:57 [debug    ] StringToSign:
AWS4-HMAC-SHA256
20190123T050657Z
20190123/us-west-2/dynamodb/aws4_request
bcbd0b0df97270ce6946c6bde4d93bedf3d1436c1efeaa3a7e6d851d7484ca1b
2019-01-23 05:06:57 [debug    ] https://dynamodb.us-west-2.amazonaws.com:443 "POST / HTTP/1.1" 200 32
2019-01-23 05:06:57 [debug    ] CanonicalRequest:
POST
/

content-type:application/x-amz-json-1.0
host:dynamodb.us-west-2.amazonaws.com
x-amz-date:20190123T050657Z
x-amz-target:DynamoDB_20120810.ListTables

content-type;host;x-amz-date;x-amz-target
44136fa355b3678a1146ad16f7e8649e94fb4fc21fe77e8310c060f61caaff8a
2019-01-23 05:06:57 [debug    ] Response headers: {'Server': 'Server', 'Date': 'Wed, 23 Jan 2019 05:06:57 GMT', 'Content-Type': 'application/x-amz-json-1.0', 'Content-Length': '32', 'Connection': 'keep-alive', 'x-amzn-RequestId': 'HIQV23O345D6M38ILD85MCDT87VV4KQNSO5AEMVJF66Q9ASUAAJG', 'x-amz-crc32': '4256150741'}
2019-01-23 05:06:57 [debug    ] Signature:
25d5cf25701f11f1e5ecbe53058a9b76c90ad90d83d4e4058ba9b978e8d4eb1a
2019-01-23 05:06:57 [debug    ] https://dynamodb.us-west-2.amazonaws.com:443 "POST / HTTP/1.1" 200 32
2019-01-23 05:06:57 [debug    ] StringToSign:
AWS4-HMAC-SHA256
20190123T050657Z
20190123/us-west-2/dynamodb/aws4_request
bcbd0b0df97270ce6946c6bde4d93bedf3d1436c1efeaa3a7e6d851d7484ca1b
2019-01-23 05:06:57 [debug    ] Sending http request: <AWSPreparedRequest stream_output=False, method=POST, url=https://dynamodb.us-west-2.amazonaws.com/, headers={'X-Amz-Target': b'DynamoDB_20120810.ListTables', 'Content-Type': b'application/x-amz-json-1.0', 'User-Agent': b'Boto3/1.9.83 Python/3.7.0 Linux/4.4.0-17134-Microsoft Botocore/1.12.83 Resource', 'X-Amz-Date': b'20190123T050657Z', 'Authorization': b'AWS4-HMAC-SHA256 Credential=AKIAJVA6OILFPQNSC3YQ/20190123/us-west-2/dynamodb/aws4_request, SignedHeaders=content-type;host;x-amz-date;x-amz-target, Signature=25d5cf25701f11f1e5ecbe53058a9b76c90ad90d83d4e4058ba9b978e8d4eb1a', 'Content-Length': '2'}>
2019-01-23 05:06:57 [debug    ] Response body:
b'{"TableNames":["teams","users"]}'
2019-01-23 05:06:57 [debug    ] Response headers: {'Server': 'Server', 'Date': 'Wed, 23 Jan 2019 05:06:57 GMT', 'Content-Type': 'application/x-amz-json-1.0', 'Content-Length': '32', 'Connection': 'keep-alive', 'x-amzn-RequestId': 'UREE5L1K0MHUI4U68BFE1MTEA3VV4KQNSO5AEMVJF66Q9ASUAAJG', 'x-amz-crc32': '4256150741'}
2019-01-23 05:06:57 [debug    ] Converted retries value: False -> Retry(total=False, connect=None, read=None, redirect=0, status=None)
2019-01-23 05:06:57 [debug    ] Event needs-retry.dynamodb.ListTables: calling handler <botocore.retryhandler.RetryHandler object at 0x7f7fd695e550>
2019-01-23 05:06:57 [debug    ] Signature:
25d5cf25701f11f1e5ecbe53058a9b76c90ad90d83d4e4058ba9b978e8d4eb1a
2019-01-23 05:06:57 [debug    ] Response body:
b'{"TableNames":["teams","users"]}'
2019-01-23 05:06:57 [debug    ] No retry needed.
2019-01-23 05:06:57 [debug    ] Sending http request: <AWSPreparedRequest stream_output=False, method=POST, url=https://dynamodb.us-west-2.amazonaws.com/, headers={'X-Amz-Target': b'DynamoDB_20120810.ListTables', 'Content-Type': b'application/x-amz-json-1.0', 'User-Agent': b'Boto3/1.9.83 Python/3.7.0 Linux/4.4.0-17134-Microsoft Botocore/1.12.83 Resource', 'X-Amz-Date': b'20190123T050657Z', 'Authorization': b'AWS4-HMAC-SHA256 Credential=AKIAJVA6OILFPQNSC3YQ/20190123/us-west-2/dynamodb/aws4_request, SignedHeaders=content-type;host;x-amz-date;x-amz-target, Signature=25d5cf25701f11f1e5ecbe53058a9b76c90ad90d83d4e4058ba9b978e8d4eb1a', 'Content-Length': '2'}>
2019-01-23 05:06:57 [debug    ] Event after-call.dynamodb.ListTables: calling handler <bound method TransformationInjector.inject_attribute_value_output of <boto3.dynamodb.transform.TransformationInjector object at 0x7f7fd691d2b0>>
2019-01-23 05:06:57 [debug    ] Event needs-retry.dynamodb.ListTables: calling handler <botocore.retryhandler.RetryHandler object at 0x7f7fd695e4e0>
2019-01-23 05:06:57 [debug    ] Converted retries value: False -> Retry(total=False, connect=None, read=None, redirect=0, status=None)
2019-01-23 05:06:57 [debug    ] Loading dynamodb:Table
2019-01-23 05:06:57 [debug    ] No retry needed.
2019-01-23 05:06:57 [debug    ] Event after-call.dynamodb.ListTables: calling handler <bound method TransformationInjector.inject_attribute_value_output of <boto3.dynamodb.transform.TransformationInjector object at 0x7f7fd691d240>>
2019-01-23 05:06:57 [debug    ] Loading dynamodb:Table
2019-01-23 05:06:57 [debug    ] Event creating-resource-class.dynamodb.Table: calling handler <function lazy_call.<locals>._handler at 0x7f7fd6b33c80>
2019-01-23 05:06:57 [debug    ] Event creating-resource-class.dynamodb.Table: calling handler <function lazy_call.<locals>._handler at 0x7f7fd6b33c80>
2019-01-23 05:06:57 [debug    ] Event creating-resource-class.dynamodb.Table: calling handler <function lazy_call.<locals>._handler at 0x7f7fd6b33bf8>
2019-01-23 05:06:57 [debug    ] Event creating-resource-class.dynamodb.Table: calling handler <function lazy_call.<locals>._handler at 0x7f7fd6b33bf8>
2019-01-23 05:06:57 [debug    ] Calling paginated dynamodb:list_tables with {}
2019-01-23 05:06:57 [debug    ] Calling paginated dynamodb:list_tables with {}
2019-01-23 05:06:57 [debug    ] Event provide-client-params.dynamodb.ListTables: calling handler <function copy_dynamodb_params at 0x7f7fd69211e0>
2019-01-23 05:06:57 [debug    ] Event provide-client-params.dynamodb.ListTables: calling handler <function copy_dynamodb_params at 0x7f7fd69211e0>
2019-01-23 05:06:57 [debug    ] Event before-parameter-build.dynamodb.ListTables: calling handler <bound method TransformationInjector.inject_condition_expressions of <boto3.dynamodb.transform.TransformationInjector object at 0x7f7fd691d2b0>>
2019-01-23 05:06:57 [debug    ] Event before-parameter-build.dynamodb.ListTables: calling handler <bound method TransformationInjector.inject_condition_expressions of <boto3.dynamodb.transform.TransformationInjector object at 0x7f7fd691d240>>
2019-01-23 05:06:57 [debug    ] Event before-parameter-build.dynamodb.ListTables: calling handler <bound method TransformationInjector.inject_attribute_value_input of <boto3.dynamodb.transform.TransformationInjector object at 0x7f7fd691d2b0>>
2019-01-23 05:06:57 [debug    ] Event before-parameter-build.dynamodb.ListTables: calling handler <bound method TransformationInjector.inject_attribute_value_input of <boto3.dynamodb.transform.TransformationInjector object at 0x7f7fd691d240>>
2019-01-23 05:06:57 [debug    ] Event before-parameter-build.dynamodb.ListTables: calling handler <function generate_idempotent_uuid at 0x7f7fd8230400>
2019-01-23 05:06:57 [debug    ] Event before-parameter-build.dynamodb.ListTables: calling handler <function generate_idempotent_uuid at 0x7f7fd8230400>
2019-01-23 05:06:57 [debug    ] Event before-parameter-build.dynamodb.ListTables: calling handler <function block_endpoint_discovery_required_operations at 0x7f7fd82a8620>
2019-01-23 05:06:57 [debug    ] Event before-parameter-build.dynamodb.ListTables: calling handler <function block_endpoint_discovery_required_operations at 0x7f7fd82a8620>
2019-01-23 05:06:57 [debug    ] Event before-call.dynamodb.ListTables: calling handler <function inject_api_version_header_if_needed at 0x7f7fd82331e0>
2019-01-23 05:06:57 [debug    ] Event before-call.dynamodb.ListTables: calling handler <function inject_api_version_header_if_needed at 0x7f7fd82331e0>
2019-01-23 05:06:57 [debug    ] Making request for OperationModel(name=ListTables) with params: {'url_path': '/', 'query_string': '', 'method': 'POST', 'headers': {'X-Amz-Target': 'DynamoDB_20120810.ListTables', 'Content-Type': 'application/x-amz-json-1.0', 'User-Agent': 'Boto3/1.9.83 Python/3.7.0 Linux/4.4.0-17134-Microsoft Botocore/1.12.83 Resource'}, 'body': b'{}', 'url': 'https://dynamodb.us-west-2.amazonaws.com/', 'context': {'client_region': 'us-west-2', 'client_config': <botocore.config.Config object at 0x7f7fd695e240>, 'has_streaming_input': False, 'auth_type': None}}
2019-01-23 05:06:57 [debug    ] Making request for OperationModel(name=ListTables) with params: {'url_path': '/', 'query_string': '', 'method': 'POST', 'headers': {'X-Amz-Target': 'DynamoDB_20120810.ListTables', 'Content-Type': 'application/x-amz-json-1.0', 'User-Agent': 'Boto3/1.9.83 Python/3.7.0 Linux/4.4.0-17134-Microsoft Botocore/1.12.83 Resource'}, 'body': b'{}', 'url': 'https://dynamodb.us-west-2.amazonaws.com/', 'context': {'client_region': 'us-west-2', 'client_config': <botocore.config.Config object at 0x7f7fd695e1d0>, 'has_streaming_input': False, 'auth_type': None}}
2019-01-23 05:06:57 [debug    ] Event request-created.dynamodb.ListTables: calling handler <bound method RequestSigner.handler of <botocore.signers.RequestSigner object at 0x7f7fd695e208>>
2019-01-23 05:06:57 [debug    ] Event request-created.dynamodb.ListTables: calling handler <bound method RequestSigner.handler of <botocore.signers.RequestSigner object at 0x7f7fd695e198>>
2019-01-23 05:06:57 [debug    ] Event choose-signer.dynamodb.ListTables: calling handler <function set_operation_specific_signer at 0x7f7fd82302f0>
2019-01-23 05:06:57 [debug    ] Event choose-signer.dynamodb.ListTables: calling handler <function set_operation_specific_signer at 0x7f7fd82302f0>
2019-01-23 05:06:57 [debug    ] Calculating signature using v4 auth.
2019-01-23 05:06:57 [debug    ] Calculating signature using v4 auth.
2019-01-23 05:06:57 [debug    ] CanonicalRequest:
POST
/

content-type:application/x-amz-json-1.0
host:dynamodb.us-west-2.amazonaws.com
x-amz-date:20190123T050657Z
x-amz-target:DynamoDB_20120810.ListTables

content-type;host;x-amz-date;x-amz-target
44136fa355b3678a1146ad16f7e8649e94fb4fc21fe77e8310c060f61caaff8a
2019-01-23 05:06:57 [debug    ] CanonicalRequest:
POST
/

content-type:application/x-amz-json-1.0
host:dynamodb.us-west-2.amazonaws.com
x-amz-date:20190123T050657Z
x-amz-target:DynamoDB_20120810.ListTables

content-type;host;x-amz-date;x-amz-target
44136fa355b3678a1146ad16f7e8649e94fb4fc21fe77e8310c060f61caaff8a
2019-01-23 05:06:57 [debug    ] StringToSign:
AWS4-HMAC-SHA256
20190123T050657Z
20190123/us-west-2/dynamodb/aws4_request
bcbd0b0df97270ce6946c6bde4d93bedf3d1436c1efeaa3a7e6d851d7484ca1b
2019-01-23 05:06:57 [debug    ] StringToSign:
AWS4-HMAC-SHA256
20190123T050657Z
20190123/us-west-2/dynamodb/aws4_request
bcbd0b0df97270ce6946c6bde4d93bedf3d1436c1efeaa3a7e6d851d7484ca1b
2019-01-23 05:06:57 [debug    ] Signature:
25d5cf25701f11f1e5ecbe53058a9b76c90ad90d83d4e4058ba9b978e8d4eb1a
2019-01-23 05:06:57 [debug    ] Signature:
25d5cf25701f11f1e5ecbe53058a9b76c90ad90d83d4e4058ba9b978e8d4eb1a
2019-01-23 05:06:57 [debug    ] Sending http request: <AWSPreparedRequest stream_output=False, method=POST, url=https://dynamodb.us-west-2.amazonaws.com/, headers={'X-Amz-Target': b'DynamoDB_20120810.ListTables', 'Content-Type': b'application/x-amz-json-1.0', 'User-Agent': b'Boto3/1.9.83 Python/3.7.0 Linux/4.4.0-17134-Microsoft Botocore/1.12.83 Resource', 'X-Amz-Date': b'20190123T050657Z', 'Authorization': b'AWS4-HMAC-SHA256 Credential=AKIAJVA6OILFPQNSC3YQ/20190123/us-west-2/dynamodb/aws4_request, SignedHeaders=content-type;host;x-amz-date;x-amz-target, Signature=25d5cf25701f11f1e5ecbe53058a9b76c90ad90d83d4e4058ba9b978e8d4eb1a', 'Content-Length': '2'}>
2019-01-23 05:06:57 [debug    ] Sending http request: <AWSPreparedRequest stream_output=False, method=POST, url=https://dynamodb.us-west-2.amazonaws.com/, headers={'X-Amz-Target': b'DynamoDB_20120810.ListTables', 'Content-Type': b'application/x-amz-json-1.0', 'User-Agent': b'Boto3/1.9.83 Python/3.7.0 Linux/4.4.0-17134-Microsoft Botocore/1.12.83 Resource', 'X-Amz-Date': b'20190123T050657Z', 'Authorization': b'AWS4-HMAC-SHA256 Credential=AKIAJVA6OILFPQNSC3YQ/20190123/us-west-2/dynamodb/aws4_request, SignedHeaders=content-type;host;x-amz-date;x-amz-target, Signature=25d5cf25701f11f1e5ecbe53058a9b76c90ad90d83d4e4058ba9b978e8d4eb1a', 'Content-Length': '2'}>
2019-01-23 05:06:57 [debug    ] Converted retries value: False -> Retry(total=False, connect=None, read=None, redirect=0, status=None)
2019-01-23 05:06:57 [debug    ] Converted retries value: False -> Retry(total=False, connect=None, read=None, redirect=0, status=None)
2019-01-23 05:06:57 [debug    ] https://dynamodb.us-west-2.amazonaws.com:443 "POST / HTTP/1.1" 200 32
2019-01-23 05:06:57 [debug    ] https://dynamodb.us-west-2.amazonaws.com:443 "POST / HTTP/1.1" 200 32
2019-01-23 05:06:57 [debug    ] Response headers: {'Server': 'Server', 'Date': 'Wed, 23 Jan 2019 05:06:57 GMT', 'Content-Type': 'application/x-amz-json-1.0', 'Content-Length': '32', 'Connection': 'keep-alive', 'x-amzn-RequestId': 'NP7RILURT3MJ140DJUGINMEKDBVV4KQNSO5AEMVJF66Q9ASUAAJG', 'x-amz-crc32': '4256150741'}
2019-01-23 05:06:57 [debug    ] Response headers: {'Server': 'Server', 'Date': 'Wed, 23 Jan 2019 05:06:57 GMT', 'Content-Type': 'application/x-amz-json-1.0', 'Content-Length': '32', 'Connection': 'keep-alive', 'x-amzn-RequestId': 'PMVCKACE73OCPA0G7G34BVT6MRVV4KQNSO5AEMVJF66Q9ASUAAJG', 'x-amz-crc32': '4256150741'}
2019-01-23 05:06:57 [debug    ] Response body:
b'{"TableNames":["teams","users"]}'
2019-01-23 05:06:57 [debug    ] Response body:
b'{"TableNames":["teams","users"]}'
2019-01-23 05:06:57 [debug    ] Event needs-retry.dynamodb.ListTables: calling handler <botocore.retryhandler.RetryHandler object at 0x7f7fd6960470>
2019-01-23 05:06:57 [debug    ] Event needs-retry.dynamodb.ListTables: calling handler <botocore.retryhandler.RetryHandler object at 0x7f7fd6960400>
2019-01-23 05:06:57 [debug    ] No retry needed.
2019-01-23 05:06:57 [debug    ] No retry needed.
2019-01-23 05:06:57 [debug    ] Event after-call.dynamodb.ListTables: calling handler <bound method TransformationInjector.inject_attribute_value_output of <boto3.dynamodb.transform.TransformationInjector object at 0x7f7fd691f160>>
2019-01-23 05:06:57 [debug    ] Event after-call.dynamodb.ListTables: calling handler <bound method TransformationInjector.inject_attribute_value_output of <boto3.dynamodb.transform.TransformationInjector object at 0x7f7fd691e1d0>>
2019-01-23 05:06:57 [debug    ] Loading dynamodb:Table
2019-01-23 05:06:57 [debug    ] Loading dynamodb:Table
2019-01-23 05:06:57 [debug    ] Event creating-resource-class.dynamodb.Table: calling handler <function lazy_call.<locals>._handler at 0x7f7fd6b33c80>
2019-01-23 05:06:57 [debug    ] Event creating-resource-class.dynamodb.Table: calling handler <function lazy_call.<locals>._handler at 0x7f7fd6b33c80>
2019-01-23 05:06:57 [debug    ] Event creating-resource-class.dynamodb.Table: calling handler <function lazy_call.<locals>._handler at 0x7f7fd6b33bf8>
2019-01-23 05:06:57 [debug    ] Event creating-resource-class.dynamodb.Table: calling handler <function lazy_call.<locals>._handler at 0x7f7fd6b33bf8>
2019-01-23 05:06:57 [info     ] Initializing database facade
2019-01-23 05:06:57 [info     ] Initializing database facade
2019-01-23 05:06:57 [info     ] Initializing Slack client interface
2019-01-23 05:06:57 [info     ] Initializing Slack client interface
2019-01-23 05:06:57 [info     ] Initializing UserCommand instance
2019-01-23 05:06:57 [info     ] Initializing UserCommand instance
2019-01-23 05:06:57 [debug    ] https://dynamodb.us-west-2.amazonaws.com:443 "POST / HTTP/1.1" 200 32
2019-01-23 05:06:57 [debug    ] https://dynamodb.us-west-2.amazonaws.com:443 "POST / HTTP/1.1" 200 32
2019-01-23 05:06:57 [debug    ] Response headers: {'Server': 'Server', 'Date': 'Wed, 23 Jan 2019 05:06:57 GMT', 'Content-Type': 'application/x-amz-json-1.0', 'Content-Length': '32', 'Connection': 'keep-alive', 'x-amzn-RequestId': '1U6TJDR3S69C4302DQ27I62KA7VV4KQNSO5AEMVJF66Q9ASUAAJG', 'x-amz-crc32': '4256150741'}
2019-01-23 05:06:57 [debug    ] Response headers: {'Server': 'Server', 'Date': 'Wed, 23 Jan 2019 05:06:57 GMT', 'Content-Type': 'application/x-amz-json-1.0', 'Content-Length': '32', 'Connection': 'keep-alive', 'x-amzn-RequestId': '78SJJU1ULGL8N3Q8M88BH7OMPRVV4KQNSO5AEMVJF66Q9ASUAAJG', 'x-amz-crc32': '4256150741'}
2019-01-23 05:06:57 [debug    ] Response body:
b'{"TableNames":["teams","users"]}'
2019-01-23 05:06:57 [debug    ] Response body:
b'{"TableNames":["teams","users"]}'
2019-01-23 05:06:57 [debug    ] Event needs-retry.dynamodb.ListTables: calling handler <botocore.retryhandler.RetryHandler object at 0x7f7fd695e4e0>
2019-01-23 05:06:57 [debug    ] Event needs-retry.dynamodb.ListTables: calling handler <botocore.retryhandler.RetryHandler object at 0x7f7fd695e550>
2019-01-23 05:06:57 [debug    ] No retry needed.
2019-01-23 05:06:57 [debug    ] No retry needed.
2019-01-23 05:06:57 [debug    ] Event after-call.dynamodb.ListTables: calling handler <bound method TransformationInjector.inject_attribute_value_output of <boto3.dynamodb.transform.TransformationInjector object at 0x7f7fd691d240>>
2019-01-23 05:06:57 [debug    ] Event after-call.dynamodb.ListTables: calling handler <bound method TransformationInjector.inject_attribute_value_output of <boto3.dynamodb.transform.TransformationInjector object at 0x7f7fd691d2b0>>
2019-01-23 05:06:57 [debug    ] Loading dynamodb:Table
2019-01-23 05:06:57 [debug    ] Loading dynamodb:Table
2019-01-23 05:06:57 [debug    ] Event creating-resource-class.dynamodb.Table: calling handler <function lazy_call.<locals>._handler at 0x7f7fd6b33c80>
2019-01-23 05:06:57 [debug    ] Event creating-resource-class.dynamodb.Table: calling handler <function lazy_call.<locals>._handler at 0x7f7fd6b33c80>
2019-01-23 05:06:57 [debug    ] Event creating-resource-class.dynamodb.Table: calling handler <function lazy_call.<locals>._handler at 0x7f7fd6b33bf8>
2019-01-23 05:06:57 [debug    ] Event creating-resource-class.dynamodb.Table: calling handler <function lazy_call.<locals>._handler at 0x7f7fd6b33bf8>
2019-01-23 05:06:57 [info     ] Initializing database facade
2019-01-23 05:06:57 [info     ] Initializing database facade
2019-01-23 05:06:57 [info     ] Initializing Slack client interface
2019-01-23 05:06:57 [info     ] Initializing Slack client interface
2019-01-23 05:06:57 [info     ] Initializing UserCommand instance
2019-01-23 05:06:57 [info     ] Initializing UserCommand instance
2019-01-23 05:07:00 [debug    ] Handling UserCommand
2019-01-23 05:07:00 [error    ] Exception on /slack/commands [POST] exc_info=(<class 'TypeError'>, TypeError("_log() got an unexpected keyword argument 'user_id'"), <traceback object at 0x7f7fd68e8608>)
2019-01-23 05:07:35 [info     ] Handled 'app_mention' event
2019-01-23 05:07:35 [error    ] Exception on /slack/events [POST] exc_info=(<class 'AttributeError'>, AttributeError("'Core' object has no attribute 'handle_app_mention'"), <traceback object at 0x7f7fd6243908>)
2019-01-23 05:07:36 [info     ] Handled 'app_mention' event
2019-01-23 05:07:36 [error    ] Exception on /slack/events [POST] exc_info=(<class 'AttributeError'>, AttributeError("'Core' object has no attribute 'handle_app_mention'"), <traceback object at 0x7f7fd6242948>)
2019-01-23 05:08:36 [info     ] Handled 'app_mention' event
2019-01-23 05:08:36 [error    ] Exception on /slack/events [POST] exc_info=(<class 'AttributeError'>, AttributeError("'Core' object has no attribute 'handle_app_mention'"), <traceback object at 0x7f7fd6243f88>)
{Time: 2019-01-22 22:05:44, Level: INFO module:dynamodb, function: __init__():43, message: [1mInitializing DynamoDb[0m}
{Time: 2019-01-22 22:05:44, Level: INFO module:dynamodb, function: __init__():56, message: [1mConnecting to remote DynamoDb[0m}
{Time: 2019-01-22 22:05:44, Level: INFO module:dynamodb, function: __init__():43, message: [1mInitializing DynamoDb[0m}
{Time: 2019-01-22 22:05:44, Level: INFO module:dynamodb, function: __init__():56, message: [1mConnecting to remote DynamoDb[0m}
{Time: 2019-01-22 22:05:44, Level: INFO module:dynamodb, function: __init__():43, message: [1mInitializing DynamoDb[0m}
{Time: 2019-01-22 22:05:44, Level: INFO module:dynamodb, function: __init__():56, message: [1mConnecting to remote DynamoDb[0m}
{Time: 2019-01-22 22:05:44, Level: INFO module:dynamodb, function: __init__():43, message: [1mInitializing DynamoDb[0m}
{Time: 2019-01-22 22:05:44, Level: INFO module:dynamodb, function: __init__():56, message: [1mConnecting to remote DynamoDb[0m}
{Time: 2019-01-22 22:05:44, Level: INFO module:facade, function: __init__():23, message: [1mInitializing database facade[0m}
{Time: 2019-01-22 22:05:44, Level: INFO module:facade, function: __init__():23, message: [1mInitializing database facade[0m}
{Time: 2019-01-22 22:05:44, Level: INFO module:slack, function: __init__():10, message: [1mInitializing Slack client interface[0m}
{Time: 2019-01-22 22:05:44, Level: INFO module:slack, function: __init__():10, message: [1mInitializing Slack client interface[0m}
{Time: 2019-01-22 22:05:44, Level: INFO module:user, function: __init__():36, message: [1mInitializing UserCommand instance[0m}
{Time: 2019-01-22 22:05:44, Level: INFO module:user, function: __init__():36, message: [1mInitializing UserCommand instance[0m}
{Time: 2019-01-22 22:05:44, Level: INFO module:facade, function: __init__():23, message: [1mInitializing database facade[0m}
{Time: 2019-01-22 22:05:44, Level: INFO module:slack, function: __init__():10, message: [1mInitializing Slack client interface[0m}
{Time: 2019-01-22 22:05:44, Level: INFO module:user, function: __init__():36, message: [1mInitializing UserCommand instance[0m}
{Time: 2019-01-22 22:05:44, Level: INFO module:facade, function: __init__():23, message: [1mInitializing database facade[0m}
{Time: 2019-01-22 22:05:44, Level: INFO module:slack, function: __init__():10, message: [1mInitializing Slack client interface[0m}
{Time: 2019-01-22 22:05:44, Level: INFO module:user, function: __init__():36, message: [1mInitializing UserCommand instance[0m}
{Time: 2019-01-22 22:06:00, Level: INFO module:server, function: handle_app_mention():158, message: [1mHandled 'app_mention' event[0m}
{Time: 2019-01-22 22:06:00, Level: ERROR module:app, function: log_exception():1761, message: [1mException on /slack/events [POST][0m [36mexc_info[0m=[35m(<class 'AttributeError'>, AttributeError("'Core' object has no attribute 'handle_app_mention'"), <traceback object at 0x7f1906c00748>)[0m}
{Time: 2019-01-22 22:06:01, Level: INFO module:server, function: handle_app_mention():158, message: [1mHandled 'app_mention' event[0m}
{Time: 2019-01-22 22:06:01, Level: ERROR module:app, function: log_exception():1761, message: [1mException on /slack/events [POST][0m [36mexc_info[0m=[35m(<class 'AttributeError'>, AttributeError("'Core' object has no attribute 'handle_app_mention'"), <traceback object at 0x7f1906bfb788>)[0m}
{Time: 2019-01-22 22:07:09, Level: INFO module:server, function: handle_app_mention():158, message: [1mHandled 'app_mention' event[0m}
{Time: 2019-01-22 22:07:09, Level: ERROR module:app, function: log_exception():1761, message: [1mException on /slack/events [POST][0m [36mexc_info[0m=[35m(<class 'AttributeError'>, AttributeError("'Core' object has no attribute 'handle_app_mention'"), <traceback object at 0x7f1906bfb788>)[0m}
{Time: 2019-01-22 22:10:44, Level: INFO module:dynamodb, function: __init__():43, message: [1mInitializing DynamoDb[0m}
{Time: 2019-01-22 22:10:44, Level: INFO module:dynamodb, function: __init__():56, message: [1mConnecting to remote DynamoDb[0m}
{Time: 2019-01-22 22:10:44, Level: INFO module:dynamodb, function: __init__():43, message: [1mInitializing DynamoDb[0m}
{Time: 2019-01-22 22:10:44, Level: INFO module:dynamodb, function: __init__():56, message: [1mConnecting to remote DynamoDb[0m}
{Time: 2019-01-22 22:10:44, Level: INFO module:dynamodb, function: __init__():43, message: [1mInitializing DynamoDb[0m}
{Time: 2019-01-22 22:10:44, Level: INFO module:dynamodb, function: __init__():56, message: [1mConnecting to remote DynamoDb[0m}
{Time: 2019-01-22 22:10:44, Level: INFO module:dynamodb, function: __init__():43, message: [1mInitializing DynamoDb[0m}
{Time: 2019-01-22 22:10:44, Level: INFO module:dynamodb, function: __init__():56, message: [1mConnecting to remote DynamoDb[0m}
{Time: 2019-01-22 22:10:44, Level: INFO module:facade, function: __init__():23, message: [1mInitializing database facade[0m}
{Time: 2019-01-22 22:10:44, Level: INFO module:slack, function: __init__():10, message: [1mInitializing Slack client interface[0m}
{Time: 2019-01-22 22:10:44, Level: INFO module:user, function: __init__():36, message: [1mInitializing UserCommand instance[0m}
{Time: 2019-01-22 22:10:44, Level: INFO module:facade, function: __init__():23, message: [1mInitializing database facade[0m}
{Time: 2019-01-22 22:10:44, Level: INFO module:slack, function: __init__():10, message: [1mInitializing Slack client interface[0m}
{Time: 2019-01-22 22:10:44, Level: INFO module:user, function: __init__():36, message: [1mInitializing UserCommand instance[0m}
{Time: 2019-01-22 22:10:44, Level: INFO module:facade, function: __init__():23, message: [1mInitializing database facade[0m}
{Time: 2019-01-22 22:10:44, Level: INFO module:slack, function: __init__():10, message: [1mInitializing Slack client interface[0m}
{Time: 2019-01-22 22:10:44, Level: INFO module:user, function: __init__():36, message: [1mInitializing UserCommand instance[0m}
{Time: 2019-01-22 22:10:44, Level: INFO module:facade, function: __init__():23, message: [1mInitializing database facade[0m}
{Time: 2019-01-22 22:10:44, Level: INFO module:slack, function: __init__():10, message: [1mInitializing Slack client interface[0m}
{Time: 2019-01-22 22:10:44, Level: INFO module:user, function: __init__():36, message: [1mInitializing UserCommand instance[0m}
{Time: 2019-01-22 22:10:51, Level: INFO module:server, function: handle_app_mention():160, message: [1mHandled 'app_mention' event[0m}
{Time: 2019-01-22 22:10:51, Level: ERROR module:app, function: log_exception():1761, message: [1mException on /slack/events [POST][0m [36mexc_info[0m=[35m(<class 'AttributeError'>, AttributeError("'Core' object has no attribute 'handle_app_mention'"), <traceback object at 0x7f66954fb748>)[0m}
Traceback (most recent call last):
  File "/home/omar2535/.local/share/virtualenvs/rocket2-DTRzRQbX/lib/python3.7/site-packages/flask/app.py", line 2292, in wsgi_app
    response = self.full_dispatch_request()
  File "/home/omar2535/.local/share/virtualenvs/rocket2-DTRzRQbX/lib/python3.7/site-packages/flask/app.py", line 1815, in full_dispatch_request
    rv = self.handle_user_exception(e)
  File "/home/omar2535/.local/share/virtualenvs/rocket2-DTRzRQbX/lib/python3.7/site-packages/flask/app.py", line 1718, in handle_user_exception
    reraise(exc_type, exc_value, tb)
  File "/home/omar2535/.local/share/virtualenvs/rocket2-DTRzRQbX/lib/python3.7/site-packages/flask/_compat.py", line 35, in reraise
    raise value
  File "/home/omar2535/.local/share/virtualenvs/rocket2-DTRzRQbX/lib/python3.7/site-packages/flask/app.py", line 1813, in full_dispatch_request
    rv = self.dispatch_request()
  File "/home/omar2535/.local/share/virtualenvs/rocket2-DTRzRQbX/lib/python3.7/site-packages/flask/app.py", line 1799, in dispatch_request
    return self.view_functions[rule.endpoint](**req.view_args)
  File "/home/omar2535/.local/share/virtualenvs/rocket2-DTRzRQbX/lib/python3.7/site-packages/slackeventsapi/server.py", line 120, in event
    self.emitter.emit(event_type, event_data)
  File "/home/omar2535/.local/share/virtualenvs/rocket2-DTRzRQbX/lib/python3.7/site-packages/pyee/__init__.py", line 151, in emit
    result = f(*args, **kwargs)
  File "/mnt/c/Users/Omar/Desktop/programming/launchpad/rocket2/server/server.py", line 161, in handle_app_mention
    core.handle_app_mention(event)
AttributeError: 'Core' object has no attribute 'handle_app_mention'
{Time: 2019-01-22 22:10:52, Level: INFO module:server, function: handle_app_mention():160, message: [1mHandled 'app_mention' event[0m}
{Time: 2019-01-22 22:10:52, Level: ERROR module:app, function: log_exception():1761, message: [1mException on /slack/events [POST][0m [36mexc_info[0m=[35m(<class 'AttributeError'>, AttributeError("'Core' object has no attribute 'handle_app_mention'"), <traceback object at 0x7f66954fb788>)[0m}
Traceback (most recent call last):
  File "/home/omar2535/.local/share/virtualenvs/rocket2-DTRzRQbX/lib/python3.7/site-packages/flask/app.py", line 2292, in wsgi_app
    response = self.full_dispatch_request()
  File "/home/omar2535/.local/share/virtualenvs/rocket2-DTRzRQbX/lib/python3.7/site-packages/flask/app.py", line 1815, in full_dispatch_request
    rv = self.handle_user_exception(e)
  File "/home/omar2535/.local/share/virtualenvs/rocket2-DTRzRQbX/lib/python3.7/site-packages/flask/app.py", line 1718, in handle_user_exception
    reraise(exc_type, exc_value, tb)
  File "/home/omar2535/.local/share/virtualenvs/rocket2-DTRzRQbX/lib/python3.7/site-packages/flask/_compat.py", line 35, in reraise
    raise value
  File "/home/omar2535/.local/share/virtualenvs/rocket2-DTRzRQbX/lib/python3.7/site-packages/flask/app.py", line 1813, in full_dispatch_request
    rv = self.dispatch_request()
  File "/home/omar2535/.local/share/virtualenvs/rocket2-DTRzRQbX/lib/python3.7/site-packages/flask/app.py", line 1799, in dispatch_request
    return self.view_functions[rule.endpoint](**req.view_args)
  File "/home/omar2535/.local/share/virtualenvs/rocket2-DTRzRQbX/lib/python3.7/site-packages/slackeventsapi/server.py", line 120, in event
    self.emitter.emit(event_type, event_data)
  File "/home/omar2535/.local/share/virtualenvs/rocket2-DTRzRQbX/lib/python3.7/site-packages/pyee/__init__.py", line 151, in emit
    result = f(*args, **kwargs)
  File "/mnt/c/Users/Omar/Desktop/programming/launchpad/rocket2/server/server.py", line 161, in handle_app_mention
    core.handle_app_mention(event)
AttributeError: 'Core' object has no attribute 'handle_app_mention'
{Time: 2019-01-22 22:11:52, Level: INFO module:server, function: handle_app_mention():160, message: [1mHandled 'app_mention' event[0m}
{Time: 2019-01-22 22:11:52, Level: ERROR module:app, function: log_exception():1761, message: [1mException on /slack/events [POST][0m [36mexc_info[0m=[35m(<class 'AttributeError'>, AttributeError("'Core' object has no attribute 'handle_app_mention'"), <traceback object at 0x7f66954d1408>)[0m}
Traceback (most recent call last):
  File "/home/omar2535/.local/share/virtualenvs/rocket2-DTRzRQbX/lib/python3.7/site-packages/flask/app.py", line 2292, in wsgi_app
    response = self.full_dispatch_request()
  File "/home/omar2535/.local/share/virtualenvs/rocket2-DTRzRQbX/lib/python3.7/site-packages/flask/app.py", line 1815, in full_dispatch_request
    rv = self.handle_user_exception(e)
  File "/home/omar2535/.local/share/virtualenvs/rocket2-DTRzRQbX/lib/python3.7/site-packages/flask/app.py", line 1718, in handle_user_exception
    reraise(exc_type, exc_value, tb)
  File "/home/omar2535/.local/share/virtualenvs/rocket2-DTRzRQbX/lib/python3.7/site-packages/flask/_compat.py", line 35, in reraise
    raise value
  File "/home/omar2535/.local/share/virtualenvs/rocket2-DTRzRQbX/lib/python3.7/site-packages/flask/app.py", line 1813, in full_dispatch_request
    rv = self.dispatch_request()
  File "/home/omar2535/.local/share/virtualenvs/rocket2-DTRzRQbX/lib/python3.7/site-packages/flask/app.py", line 1799, in dispatch_request
    return self.view_functions[rule.endpoint](**req.view_args)
  File "/home/omar2535/.local/share/virtualenvs/rocket2-DTRzRQbX/lib/python3.7/site-packages/slackeventsapi/server.py", line 120, in event
    self.emitter.emit(event_type, event_data)
  File "/home/omar2535/.local/share/virtualenvs/rocket2-DTRzRQbX/lib/python3.7/site-packages/pyee/__init__.py", line 151, in emit
    result = f(*args, **kwargs)
  File "/mnt/c/Users/Omar/Desktop/programming/launchpad/rocket2/server/server.py", line 161, in handle_app_mention
AttributeError: 'Core' object has no attribute 'handle_app_mention'
